// Jest Snapshot v1, https://goo.gl/fbAQLP

exports[`TaskList renders correctly 1`] = `
<ul
  id="listTasks"
/>
`;
